{"timestamp": "2026-09-06T08:52:25.626303Z", "event": "game_initializing", "correlation_id": "f58aabbf-b734-4cf7-947c-02bd0907af26", "game_id": "f58aabbf-b734-4cf7-947c-02bd0907af26"}
{"timestamp": "2026-09-06T08:52:25.635091Z", "event": "piece_factory_created", "correlation_id": "f58aabbf-b734-4cf7-947c-02bd0907af26"}
{"timestamp": "2026-09-06T08:52:25.635793Z", "event": "standard_piece_set_created", "correlation_id": "f58aabbf-b734-4cf7-947c-02bd0907af26", "player_id": 0, "piece_count": 16}
{"timestamp": "2026-09-06T08:52:25.636169Z", "event": "standard_piece_set_created", "correlation_id": "f58aabbf-b734-4cf7-947c-02bd0907af26", "player_id": 1, "piece_count": 16}
{"timestamp": "2026-09-06T08:52:25.636473Z", "event": "game_initialized", "correlation_id": "f58aabbf-b734-4cf7-947c-02bd0907af26", "game_id": "f58aabbf-b734-4cf7-947c-02bd0907af26"}
{"timestamp": "2026-09-06T08:52:25.638411Z", "event": "game_initializing", "correlation_id": "89bbac7c-70b2-4908-880c-d997e8c77726", "game_id": "89bbac7c-70b2-4908-880c-d997e8c77726"}
{"timestamp": "2026-09-06T08:52:25.638551Z", "event": "piece_factory_created", "correlation_id": "89bbac7c-70b2-4908-880c-d997e8c77726"}
{"timestamp": "2026-09-06T08:52:25.638998Z", "event": "standard_piece_set_created", "correlation_id": "89bbac7c-70b2-4908-880c-d997e8c77726", "player_id": 0, "piece_count": 16}
{"timestamp": "2026-09-06T08:52:25.639159Z", "event": "standard_piece_set_created", "correlation_id": "89bbac7c-70b2-4908-880c-d997e8c77726", "player_id": 1, "piece_count": 16}
{"timestamp": "2026-09-06T08:52:25.639412Z", "event": "game_initialized", "correlation_id": "89bbac7c-70b2-4908-880c-d997e8c77726", "game_id": "89bbac7c-70b2-4908-880c-d997e8c77726"}
{"timestamp": "2026-09-06T08:52:25.639474Z", "event": "game_event_turn_started", "correlation_id": "89bbac7c-70b2-4908-880c-d997e8c77726", "sequence_id": 34, "game_id": "89bbac7c-70b2-4908-880c-d997e8c77726", "turn": 1, "entity_id": null, "event_type": "turn_started", "player": 1}
{"timestamp": "2026-09-06T08:52:25.639522Z", "event": "turn_started", "correlation_id": "89bbac7c-70b2-4908-880c-d997e8c77726", "game_id": "89bbac7c-70b2-4908-880c-d997e8c77726", "turn": 1, "player": 1}
{"timestamp": "2026-09-06T08:52:25.640595Z", "event": "game_initializing", "correlation_id": "702b3322-8abe-476b-98e2-d0e18c3ecdf4", "game_id": "702b3322-8abe-476b-98e2-d0e18c3ecdf4"}
{"timestamp": "2026-09-06T08:52:25.640717Z", "event": "piece_factory_created", "correlation_id": "702b3322-8abe-476b-98e2-d0e18c3ecdf4"}
{"timestamp": "2026-09-06T08:52:25.640877Z", "event": "standard_piece_set_created", "correlation_id": "702b3322-8abe-476b-98e2-d0e18c3ecdf4", "player_id": 0, "piece_count": 16}
{"timestamp": "2026-09-06T08:52:25.641019Z", "event": "standard_piece_set_created", "correlation_id": "702b3322-8abe-476b-98e2-d0e18c3ecdf4", "player_id": 1, "piece_count": 16}
{"timestamp": "2026-09-06T08:52:25.641323Z", "event": "game_initialized", "correlation_id": "702b3322-8abe-476b-98e2-d0e18c3ecdf4", "game_id": "702b3322-8abe-476b-98e2-d0e18c3ecdf4"}
{"timestamp": "2026-09-06T08:52:25.641474Z", "event": "cannot_start_turn", "correlation_id": "702b3322-8abe-476b-98e2-d0e18c3ecdf4", "game_id": "702b3322-8abe-476b-98e2-d0e18c3ecdf4", "current_state": "MENU"}
{"timestamp": "2026-09-06T08:52:25.643284Z", "event": "game_initializing", "correlation_id": "61323f4d-8317-4c77-8191-70cb8024844e", "game_id": "61323f4d-8317-4c77-8191-70cb8024844e"}
{"timestamp": "2026-09-06T08:52:25.643432Z", "event": "piece_factory_created", "correlation_id": "61323f4d-8317-4c77-8191-70cb8024844e"}
{"timestamp": "2026-09-06T08:52:25.643597Z", "event": "standard_piece_set_created", "correlation_id": "61323f4d-8317-4c77-8191-70cb8024844e", "player_id": 0, "piece_count": 16}
{"timestamp": "2026-09-06T08:52:25.643744Z", "event": "standard_piece_set_created", "correlation_id": "61323f4d-8317-4c77-8191-70cb8024844e", "player_id": 1, "piece_count": 16}
{"timestamp": "2026-09-06T08:52:25.643997Z", "event": "game_initialized", "correlation_id": "61323f4d-8317-4c77-8191-70cb8024844e", "game_id": "61323f4d-8317-4c77-8191-70cb8024844e"}
{"timestamp": "2026-09-06T08:52:25.644098Z", "event": "game_event_turn_started", "correlation_id": "61323f4d-8317-4c77-8191-70cb8024844e", "sequence_id": 34, "game_id": "61323f4d-8317-4c77-8191-70cb8024844e", "turn": 1, "entity_id": null, "event_type": "turn_started", "player": 1}
{"timestamp": "2026-09-06T08:52:25.644157Z", "event": "turn_started", "correlation_id": "61323f4d-8317-4c77-8191-70cb8024844e", "game_id": "61323f4d-8317-4c77-8191-70cb8024844e", "turn": 1, "player": 1}
{"timestamp": "2026-09-06T08:52:25.644215Z", "event": "game_event_turn_ended", "correlation_id": "61323f4d-8317-4c77-8191-70cb8024844e", "sequence_id": 35, "game_id": "61323f4d-8317-4c77-8191-70cb8024844e", "turn": 1, "entity_id": null, "event_type": "turn_ended", "player": 1, "stats": {"pieces_launched": 0, "collisions": 0, "damage": 0}}
{"timestamp": "2026-09-06T08:52:25.644272Z", "event": "turn_ended", "correlation_id": "61323f4d-8317-4c77-8191-70cb8024844e", "game_id": "61323f4d-8317-4c77-8191-70cb8024844e", "turn": 1, "player": 1}
{"timestamp": "2026-09-06T08:52:25.644327Z", "event": "game_event_turn_started", "correlation_id": "61323f4d-8317-4c77-8191-70cb8024844e", "sequence_id": 36, "game_id": "61323f4d-8317-4c77-8191-70cb8024844e", "turn": 2, "entity_id": null, "event_type": "turn_started", "player": 0}
{"timestamp": "2026-09-06T08:52:25.644374Z", "event": "turn_started", "correlation_id": "61323f4d-8317-4c77-8191-70cb8024844e", "game_id": "61323f4d-8317-4c77-8191-70cb8024844e", "turn": 2, "player": 0}
{"timestamp": "2026-09-06T08:52:25.646011Z", "event": "game_initializing", "correlation_id": "8a7d92e5-8287-48d3-9c25-8fe59b06ad91", "game_id": "8a7d92e5-8287-48d3-9c25-8fe59b06ad91"}
{"timestamp": "2026-09-06T08:52:25.646186Z", "event": "piece_factory_created", "correlation_id": "8a7d92e5-8287-48d3-9c25-8fe59b06ad91"}
{"timestamp": "2026-09-06T08:52:25.646355Z", "event": "standard_piece_set_created", "correlation_id": "8a7d92e5-8287-48d3-9c25-8fe59b06ad91", "player_id": 0, "piece_count": 16}
{"timestamp": "2026-09-06T08:52:25.646532Z", "event": "standard_piece_set_created", "correlation_id": "8a7d92e5-8287-48d3-9c25-8fe59b06ad91", "player_id": 1, "piece_count": 16}
{"timestamp": "2026-09-06T08:52:25.646860Z", "event": "game_initialized", "correlation_id": "8a7d92e5-8287-48d3-9c25-8fe59b06ad91", "game_id": "8a7d92e5-8287-48d3-9c25-8fe59b06ad91"}
{"timestamp": "2026-09-06T08:52:25.646955Z", "event": "game_event_game_over", "correlation_id": "8a7d92e5-8287-48d3-9c25-8fe59b06ad91", "sequence_id": 34, "game_id": "8a7d92e5-8287-48d3-9c25-8fe59b06ad91", "turn": 0, "entity_id": null, "event_type": "game_over", "winner": 0, "final_turn": 0, "stats": {"pieces_launched": 0, "collisions_detected": 0, "damage_dealt": 0, "pieces_destroyed": 0, "turns_completed": 0}}
{"timestamp": "2026-09-06T08:52:25.647033Z", "event": "game_over", "correlation_id": "8a7d92e5-8287-48d3-9c25-8fe59b06ad91", "game_id": "8a7d92e5-8287-48d3-9c25-8fe59b06ad91", "winner": 0, "final_turn": 0}
{"timestamp": "2026-09-06T08:52:25.648477Z", "event": "piece_removed", "correlation_id": "9d86deea-6c45-40b7-9300-3b5c80f04699", "game_id": "9d86deea-6c45-40b7-9300-3b5c80f04699", "piece_id": "test-piece", "piece_type": "king"}
{"timestamp": "2026-09-06T08:52:25.649747Z", "event": "game_initializing", "correlation_id": "f9185fcf-3f69-4c37-8a81-948ef95948dd", "game_id": "f9185fcf-3f69-4c37-8a81-948ef95948dd"}
{"timestamp": "2026-09-06T08:52:25.649906Z", "event": "piece_factory_created", "correlation_id": "f9185fcf-3f69-4c37-8a81-948ef95948dd"}
{"timestamp": "2026-09-06T08:52:25.650088Z", "event": "standard_piece_set_created", "correlation_id": "f9185fcf-3f69-4c37-8a81-948ef95948dd", "player_id": 0, "piece_count": 16}
{"timestamp": "2026-09-06T08:52:25.650285Z", "event": "standard_piece_set_created", "correlation_id": "f9185fcf-3f69-4c37-8a81-948ef95948dd", "player_id": 1, "piece_count": 16}
{"timestamp": "2026-09-06T08:52:25.650576Z", "event": "game_initialized", "correlation_id": "f9185fcf-3f69-4c37-8a81-948ef95948dd", "game_id": "f9185fcf-3f69-4c37-8a81-948ef95948dd"}
{"timestamp": "2026-09-06T08:52:25.651688Z", "event": "game_initializing", "correlation_id": "26950d6a-9f9b-42d8-8eb7-a06c7f2ed5d4", "game_id": "26950d6a-9f9b-42d8-8eb7-a06c7f2ed5d4"}
{"timestamp": "2026-09-06T08:52:25.651810Z", "event": "piece_factory_created", "correlation_id": "26950d6a-9f9b-42d8-8eb7-a06c7f2ed5d4"}
{"timestamp": "2026-09-06T08:52:25.651963Z", "event": "standard_piece_set_created", "correlation_id": "26950d6a-9f9b-42d8-8eb7-a06c7f2ed5d4", "player_id": 0, "piece_count": 16}
{"timestamp": "2026-09-06T08:52:25.652107Z", "event": "standard_piece_set_created", "correlation_id": "26950d6a-9f9b-42d8-8eb7-a06c7f2ed5d4", "player_id": 1, "piece_count": 16}
{"timestamp": "2026-09-06T08:52:25.652352Z", "event": "game_initialized", "correlation_id": "26950d6a-9f9b-42d8-8eb7-a06c7f2ed5d4", "game_id": "26950d6a-9f9b-42d8-8eb7-a06c7f2ed5d4"}
